---
source: crates/rome_cli/tests/snap_test.rs
expression: content
---
## `rome.json`

```json
{
  "linter": {
    "enabled": false
  },
  "javascript": {
    "globals": [false]
  }
}
```

# Termination Message

```block
Rome couldn't load the configuration file, here's why: 
invalid type: boolean `false`, expected a string at line 6 column 21
```


