---
source: crates/rome_cli/tests/snap_test.rs
expression: content
---
## `rome.json`

```json
{
  "formatter": {
    "lineWidth": 500
  }
}
```

# Termination Message

```block
configuration ━━━━━━━━━━━━━━━━━━━━━━━━━━━━━━━━━━━━━━━━━━━━━━━━━━━━━━━━━━━━━━━━━━━━━━━━━━━━━━━━━━━━━━

  × Rome exited because the configuration resulted in errors. Please fix them.
  


```

# Emitted Messages

```block
rome.json:3:18 deserialize ━━━━━━━━━━━━━━━━━━━━━━━━━━━━━━━━━━━━━━━━━━━━━━━━━━━━━━━━━━━━━━━━━━━━━━━━━

  × The line width exceeds the maximum value (320)
  
  
    1 │ {
    2 │   "formatter": {
  > 3 │     "lineWidth": 500
      │                  ^^^
    4 │   }
    5 │ }
  
  i Maximum value accepted is 320
  

```


