---
source: crates/rome_formatter_test/src/snapshot_builder.rs
assertion_line: 212
info: js/export-default/binary_and_template.js
---

# Input

```js
export default (function() {} + foo)``;

```


# Prettier differences

```diff
--- Prettier
+++ Rome
@@ -1 +1 @@
-export default (function () {} + foo)``;
+export default ((function () {}) + foo)``;
```

# Output

```js
export default ((function () {}) + foo)``;
```


