---
source: crates/rome_formatter_test/src/snapshot_builder.rs
assertion_line: 212
info: js/export-default/class_instance.js
---

# Input

```js
export default (class {}.getInstance());

```


# Prettier differences

```diff
--- Prettier
+++ Rome
@@ -1 +1 @@
-export default (class {}.getInstance());
+export default (class {}).getInstance();
```

# Output

```js
export default (class {}).getInstance();
```


