---
source: crates/rome_js_formatter/tests/prettier_tests.rs
assertion_line: 125
expression: dangling_array.js

---
# Input
```js
expect(() => {}).toTriggerReadyStateChanges([
  // Nothing.
]);

[1 /* first comment */, 2 /* second comment */, 3];

```

# Output
```js
expect(() => {})
  .toTriggerReadyStateChanges([
    // Nothing.
  ]);

[1 /* first comment */ , 2 /* second comment */ , 3];

```


