---
source: crates/rome_js_formatter/tests/prettier_tests.rs
assertion_line: 121
expression: else.js

---
# Input
```js
// Both functions below should be formatted exactly the same

function f() {
  if (position)
    return {name: pair};
  else
    return {name: pair.substring(0, position), value: pair.substring(position + 1)};
}

function f() {
  if (position)
    return {name: pair};
  else
    return {
      name: pair.substring(0, position),
      value: pair.substring(position + 1)
    };
}

```

# Output
```js
// Both functions below should be formatted exactly the same

function f() {
  if (position) {
    return { name: pair };
  } else {
    return {
      name: pair.substring(0, position),
      value: pair.substring(position + 1),
    };
  }
}

function f() {
  if (position) {
    return { name: pair };
  } else {
    return {
      name: pair.substring(0, position),
      value: pair.substring(position + 1),
    };
  }
}

```


