---
source: crates/rome_js_formatter/tests/prettier_tests.rs
---

# Input

```js
const foo1: Fooooooooooooooooooooooooooooooooooooooooooooooooooooooooooooooooooooo<any> = a;
const foo2: Fooooooooooooooooooooooooooooooooooooooooooooooooooooooooooooooooooooo<null> = a;
const foo3: Fooooooooooooooooooooooooooooooooooooooooooooooooooooooooooooooooooooo<this> = a;
const foo4: Fooooooooooooooooooooooooooooooooooooooooooooooooooooooooooooooooooooo<void> = a;
const foo5: Fooooooooooooooooooooooooooooooooooooooooooooooooooooooooooooooooooooo<true> = a;
const foo6: Fooooooooooooooooooooooooooooooooooooooooooooooooooooooooooooooooooooo<false> = a;
const foo7: Fooooooooooooooooooooooooooooooooooooooooooooooooooooooooooooooooooooo<symbol> = a;
const foo8: Fooooooooooooooooooooooooooooooooooooooooooooooooooooooooooooooooooooo<true> = a;
const foo9: Fooooooooooooooooooooooooooooooooooooooooooooooooooooooooooooooooooooo<"STRING"> = a;
const foo10: Fooooooooooooooooooooooooooooooooooooooooooooooooooooooooooooooooooooo<0> = a;
const foo11: Fooooooooooooooooooooooooooooooooooooooooooooooooooooooooooooooooooooo<0xDeeD_Beef> = a;
const foo12: Fooooooooooooooooooooooooooooooooooooooooooooooooooooooooooooooooooooo<0xDeeD_Beefn> = a;
```


# Prettier differences

```diff
--- Prettier
+++ Rome
@@ -18,7 +18,7 @@
   a;
 const foo10: Fooooooooooooooooooooooooooooooooooooooooooooooooooooooooooooooooooooo<0> =
   a;
-const foo11: Fooooooooooooooooooooooooooooooooooooooooooooooooooooooooooooooooooooo<0xdeed_beef> =
+const foo11: Fooooooooooooooooooooooooooooooooooooooooooooooooooooooooooooooooooooo<0xDeeD_Beef> =
   a;
-const foo12: Fooooooooooooooooooooooooooooooooooooooooooooooooooooooooooooooooooooo<0xdeed_beefn> =
+const foo12: Fooooooooooooooooooooooooooooooooooooooooooooooooooooooooooooooooooooo<0xDeeD_Beefn> =
   a;
```

# Output

```js
const foo1: Fooooooooooooooooooooooooooooooooooooooooooooooooooooooooooooooooooooo<any> =
  a;
const foo2: Fooooooooooooooooooooooooooooooooooooooooooooooooooooooooooooooooooooo<null> =
  a;
const foo3: Fooooooooooooooooooooooooooooooooooooooooooooooooooooooooooooooooooooo<this> =
  a;
const foo4: Fooooooooooooooooooooooooooooooooooooooooooooooooooooooooooooooooooooo<void> =
  a;
const foo5: Fooooooooooooooooooooooooooooooooooooooooooooooooooooooooooooooooooooo<true> =
  a;
const foo6: Fooooooooooooooooooooooooooooooooooooooooooooooooooooooooooooooooooooo<false> =
  a;
const foo7: Fooooooooooooooooooooooooooooooooooooooooooooooooooooooooooooooooooooo<symbol> =
  a;
const foo8: Fooooooooooooooooooooooooooooooooooooooooooooooooooooooooooooooooooooo<true> =
  a;
const foo9: Fooooooooooooooooooooooooooooooooooooooooooooooooooooooooooooooooooooo<"STRING"> =
  a;
const foo10: Fooooooooooooooooooooooooooooooooooooooooooooooooooooooooooooooooooooo<0> =
  a;
const foo11: Fooooooooooooooooooooooooooooooooooooooooooooooooooooooooooooooooooooo<0xDeeD_Beef> =
  a;
const foo12: Fooooooooooooooooooooooooooooooooooooooooooooooooooooooooooooooooooooo<0xDeeD_Beefn> =
  a;
```


# Lines exceeding max width of 80 characters
```
    1: const foo1: Fooooooooooooooooooooooooooooooooooooooooooooooooooooooooooooooooooooo<any> =
    3: const foo2: Fooooooooooooooooooooooooooooooooooooooooooooooooooooooooooooooooooooo<null> =
    5: const foo3: Fooooooooooooooooooooooooooooooooooooooooooooooooooooooooooooooooooooo<this> =
    7: const foo4: Fooooooooooooooooooooooooooooooooooooooooooooooooooooooooooooooooooooo<void> =
    9: const foo5: Fooooooooooooooooooooooooooooooooooooooooooooooooooooooooooooooooooooo<true> =
   11: const foo6: Fooooooooooooooooooooooooooooooooooooooooooooooooooooooooooooooooooooo<false> =
   13: const foo7: Fooooooooooooooooooooooooooooooooooooooooooooooooooooooooooooooooooooo<symbol> =
   15: const foo8: Fooooooooooooooooooooooooooooooooooooooooooooooooooooooooooooooooooooo<true> =
   17: const foo9: Fooooooooooooooooooooooooooooooooooooooooooooooooooooooooooooooooooooo<"STRING"> =
   19: const foo10: Fooooooooooooooooooooooooooooooooooooooooooooooooooooooooooooooooooooo<0> =
   21: const foo11: Fooooooooooooooooooooooooooooooooooooooooooooooooooooooooooooooooooooo<0xDeeD_Beef> =
   23: const foo12: Fooooooooooooooooooooooooooooooooooooooooooooooooooooooooooooooooooooo<0xDeeD_Beefn> =
```

