---
source: crates/rome_formatter/tests/prettier_tests.rs
assertion_line: 57
expression: module-export3.js

---
# Input
```js
import  def , {named}  from    'x'

export *  from   'd'

export    const  x
  =  42

export   default  <<<PRETTIER_RANGE_START>>>  42<<<PRETTIER_RANGE_END>>>


```

# Output
```js
import def, { named } from 'x';

export * from 'd';

export const x = 42;

export   default  <<<PRETTIER_RANGE_START>>>  42<<<PRETTIER_RANGE_END>>>

```


