---
source: crates/rome_formatter/tests/prettier_tests.rs
assertion_line: 57
expression: nested3.js

---
# Input
```js
try {
1;i<<<PRETTIER_RANGE_START>>>f (condition) {
    body
  }<<<PRETTIER_RANGE_END>>>
}
catch (err) {}

```

# Output
```js
try {
1;i<<<PRETTIER_RANGE_START>>>f (condition) {
    body
  }<<<PRETTIER_RANGE_END>>>
}
catch (err) {}

```


