---
source: crates/rome_js_analyze/tests/spec_tests.rs
expression: privateOrPublicConstructorParameters.ts
---
# Input
```js
class A {
    constructor(a, private b, public c) {
    }
}

console.log(new A(1, 2, 3));

```

# Diagnostics
```
privateOrPublicConstructorParameters.ts:2:17 lint/nursery/noUnusedVariables  FIXABLE  ━━━━━━━━━━━━━━

  ! This parameter is unused.
  
    1 │ class A {
  > 2 │     constructor(a, private b, public c) {
      │                 ^
    3 │     }
    4 │ }
  
  i Unused variables usually are result of incomplete refactoring, typos and other source of bugs.
  
  i Suggested fix: Prepend a with an underscore
  
    1 1 │   class A {
    2   │ - ····constructor(a,·private·b,·public·c)·{
      2 │ + ····constructor(_a,·private·b,·public·c)·{
    3 3 │       }
    4 4 │   }
  

```


