---
source: crates/rome_cli/tests/snap_test.rs
expression: content
---
# Emitted Messages

```block
prefix/ci.js internalError/fs ━━━━━━━━━━━━━━━━━━━━━━━━━━━━━━━━━━━━━━━━━━━━━━━━━━━━━━━━━━━━━━━━━━━━━━

  ! Symbolic links are not supported
  
  i Rome does not currently support visiting the content of symbolic links since it could lead to an infinite traversal loop
  

```

```block
Checked 0 file(s) in 21µs
```


