---
source: crates/rome_js_formatter/tests/prettier_tests.rs
info:
  test_file: typescript/arrow/comments.ts
---

# Input

```js
const fn1 = () => {
  return;
} /* foo */;

const fn2 = () => {
  return;
}

// foo
;
```


# Prettier differences

```diff
--- Prettier
+++ Rome
@@ -1,6 +1,6 @@
 const fn1 = () => {
   return;
-}; /* foo */
+} /* foo */;
 
 const fn2 = () => {
   return;
```

# Output

```js
const fn1 = () => {
  return;
} /* foo */;

const fn2 = () => {
  return;
};

// foo
```



