---
source: crates/rome_js_formatter/tests/prettier_tests.rs
assertion_line: 57
expression: this.js

---
# Input
```js
const sel = this.connections
  .concat(this.activities.concat(this.operators))
  .filter(x => x.selected);

```

# Output
```js
const sel = this.connections.concat(this.activities.concat(this.operators)).filter(
  (x) => x.selected,
);

```


