---
source: crates/rome_js_formatter/tests/spec_test.rs
expression: do_while.js
---
# Input
do {
var foo = 4
}

while (something)


do { // trailing
    var foo = 4
}

while (something)


do; while(true);
=============================
# Outputs
## Output 1
-----
Indent style: Tab
Line width: 80
Quote style: Double Quotes
Quote properties: As needed
-----
do {
	var foo = 4;
} while (something);

do {
	// trailing
	var foo = 4;
} while (something);

do;
while (true);

