---
source: crates/rome_formatter_test/src/snapshot_builder.rs
info:
  test_file: js/arrays/holes-in-args.js
---

# Input

```js
new Test()
  .test()
  .test([, 0])
  .test();

```


# Prettier differences

```diff
--- Prettier
+++ Rome
@@ -1 +1,4 @@
-new Test().test().test([, 0]).test();
+new Test()
+  .test()
+  .test([, 0])
+  .test();
```

# Output

```js
new Test()
  .test()
  .test([, 0])
  .test();
```


