---
source: crates/rome_js_formatter/tests/spec_test.rs
assertion_line: 256
expression: new_expression.js

---
# Input
new a()
new b(x)
new c(aaaaaaaaaaaaaaaaaaaaaaaaaaaaaa,bbbbbbbbbbbbbbbbbbbbbbbbbbbbbb,cccccccccccccccccccccccccccccc)

=============================
# Outputs
## Output 1
-----
Indent style: Tab
Line width: 80
Quote style: Double Quotes
Unstable sort imports: false
-----
new a();
new b(x);
new c(
	aaaaaaaaaaaaaaaaaaaaaaaaaaaaaa,
	bbbbbbbbbbbbbbbbbbbbbbbbbbbbbb,
	cccccccccccccccccccccccccccccc,
);

