---
source: crates/rome_formatter_test/src/snapshot_builder.rs
info: js/module/decorators/class_simple_call_decorator.js
---

# Input

```js
@decorator.method(value) export class Foo {}
@decorator.method(value)
export class Foo {}
@decorator.method(value) @decorator2.method(value) export class Foo {}
@decorator.method(value)
@decorator2.method(value) export class Foo {}

@decorator.method(value) @decorator2.method(value)
export class Foo {}

export @decorator.method(value) class Foo {}
export @decorator.method(value)
class Foo {}
export
@decorator.method(value) class Foo {}

export @decorator.method(value) @decorator2.method(value) class Foo {}
export @decorator.method(value)
@decorator2.method(value) class Foo {}
export @decorator.method(value)
@decorator2.method(value) class Foo {}
export
@decorator.method(value) @decorator2.method(value) class Foo {}

export
@decorator.method(value)
@decorator2.method(value) class Foo {}

export
@decorator.method(value)
@decorator2.method(value)
class Foo {}

@decorator.method(value)
export @decorator2.method(value) class Foo {}

@decorator.method(value) export @decorator2.method(value) class Foo {}

@decorator.method(value) export
@decorator2.method(value) class Foo {}

@decorator.method(value)
export
@decorator2.method(value) class Foo {}

@decorator.method(value) @decorator2.method(value) export @decorator3.method(value) @decorator4.method(value) class Foo {}
export @decorator.method(value) @decorator2.method(value)  @decorator3.method(value) @decorator4.method(value) class Foo {}


```


=============================

# Outputs

## Output 1

-----
Indent style: Tab
Line width: 80
Quote style: Double Quotes
Quote properties: As needed
Trailing comma: All
Semicolons: Always
-----

```js
@decorator.method(value)
export class Foo {}
@decorator.method(value)
export class Foo {}
@decorator.method(value)
@decorator2.method(value)
export class Foo {}
@decorator.method(value)
@decorator2.method(value)
export class Foo {}

@decorator.method(value)
@decorator2.method(value)
export class Foo {}

export
@decorator.method(value)
class Foo {}
export
@decorator.method(value)
class Foo {}
export
@decorator.method(value)
class Foo {}

export
@decorator.method(value)
@decorator2.method(value)
class Foo {}
export
@decorator.method(value)
@decorator2.method(value)
class Foo {}
export
@decorator.method(value)
@decorator2.method(value)
class Foo {}
export
@decorator.method(value)
@decorator2.method(value)
class Foo {}

export
@decorator.method(value)
@decorator2.method(value)
class Foo {}

export
@decorator.method(value)
@decorator2.method(value)
class Foo {}

@decorator.method(value)
@decorator2.method(value)
export class Foo {}

@decorator.method(value)
@decorator2.method(value)
export class Foo {}

@decorator.method(value)
@decorator2.method(value)
export class Foo {}

@decorator.method(value)
@decorator2.method(value)
export class Foo {}

@decorator.method(value)
@decorator2.method(value)
@decorator3.method(value)
@decorator4.method(value)
export class Foo {}
export
@decorator.method(value)
@decorator2.method(value)
@decorator3.method(value)
@decorator4.method(value)
class Foo {}
```


