---
source: crates/rome_js_formatter/tests/prettier_tests.rs
info:
  test_file: typescript/decorators-ts/angular.ts
---

# Input

```ts
@Component({
  selector: 'toh-hero-button',
  template: `<button>{{label}}</button>`
})
export class HeroButtonComponent {
  @Output() change = new EventEmitter<any>();
  @Input() label: string;
}
```


# Prettier differences

```diff
--- Prettier
+++ Rome
@@ -1,6 +1,6 @@
 @Component({
-  selector: "toh-hero-button",
-  template: `<button>{{ label }}</button>`,
+  selector: 'toh-hero-button',
+  template: `<button>{{label}}</button>`
 })
 export class HeroButtonComponent {
   @Output() change = new EventEmitter<any>();
```

# Output

```ts
@Component({
  selector: 'toh-hero-button',
  template: `<button>{{label}}</button>`
})
export class HeroButtonComponent {
  @Output() change = new EventEmitter<any>();
  @Input() label: string;
}
```



