---
source: crates/rome_formatter_test/src/snapshot_builder.rs
info: typescript/decorators-ts/typeorm.ts
---

# Input

```ts
@Entity()
export class Board {

    @PrimaryGeneratedColumn()
    id: number;

    @Column()
    slug: string;

    @Column()
    name: string;

    @Column()
    theme: string;

    @Column()
    description: string;

    @OneToMany(type => Topic, topic => topic.board)
    topics: Topic[]

}

```


# Prettier differences

```diff
--- Prettier
+++ Rome
@@ -1,20 +1,14 @@
 @Entity()
 export class Board {
-  @PrimaryGeneratedColumn()
-  id: number;
+  @PrimaryGeneratedColumn() id: number;
 
-  @Column()
-  slug: string;
+  @Column() slug: string;
 
-  @Column()
-  name: string;
+  @Column() name: string;
 
-  @Column()
-  theme: string;
+  @Column() theme: string;
 
-  @Column()
-  description: string;
+  @Column() description: string;
 
-  @OneToMany((type) => Topic, (topic) => topic.board)
-  topics: Topic[];
+  @OneToMany(type => Topic, topic => topic.board) topics: Topic[];
 }
```

# Output

```ts
@Entity()
export class Board {
  @PrimaryGeneratedColumn() id: number;

  @Column() slug: string;

  @Column() name: string;

  @Column() theme: string;

  @Column() description: string;

  @OneToMany(type => Topic, topic => topic.board) topics: Topic[];
}
```

# Errors
```
typeorm.ts:1:1 parse ━━━━━━━━━━━━━━━━━━━━━━━━━━━━━━━━━━━━━━━━━━━━━━━━━━━━━━━━━━━━━━━━━━━━━━━━━━━━━━━

  × Decorators are not valid here
  
  > 1 │ @Entity()
      │ ^^^^^^^^^
    2 │ export class Board {
    3 │ 
  

```


