---
source: crates/rome_js_analyze/tests/spec_tests.rs
expression: noArguments.js
---
# Input
```js
function f() {
    console.log(arguments);
}

function f() {
    let arguments = 1;
    console.log(arguments);
}
```

# Diagnostics
```
warning[noArguments]: Use the rest parameters instead of arguments.
  ┌─ noArguments.js:2:17
  │
2 │     console.log(arguments);
  │                 ---------


```

```
warning[noArguments]: Use the rest parameters instead of arguments.
  ┌─ noArguments.js:7:17
  │
7 │     console.log(arguments);
  │                 ---------


```


