---
source: crates/rome_js_analyze/tests/spec_tests.rs
assertion_line: 98
expression: preferShorthandArrayType.ts
---
# Input
```js
let valid: Array<foo>;
let invalid1: bar[];
let invalid2: Array<foo, Array<string>>;
let invalid3: Promise<Array<string>>;
let invalid4: Array<Foo<Bar>>;
```

# Diagnostics
```
warning[preferShorthandArrayType]: Use shorthand T[] syntax instead of Array<T> syntax.
  ┌─ preferShorthandArrayType.ts:1:12
  │
1 │ let valid: Array<foo>;
  │            ----------

Suggested fix: Use a [] to replace
    | @@ -1,4 +1,4 @@
0   | - let valid: Array<foo>;
  0 | + let valid: foo[];
1 1 |   let invalid1: bar[];
2 2 |   let invalid2: Array<foo, Array<string>>;
3 3 |   let invalid3: Promise<Array<string>>;


```

```
warning[preferShorthandArrayType]: Use shorthand T[] syntax instead of Array<T> syntax.
  ┌─ preferShorthandArrayType.ts:3:15
  │
3 │ let invalid2: Array<foo, Array<string>>;
  │               -------------------------

Suggested fix: Use a [] to replace
    | @@ -1,5 +1,5 @@
0 0 |   let valid: Array<foo>;
1 1 |   let invalid1: bar[];
2   | - let invalid2: Array<foo, Array<string>>;
  2 | + let invalid2: foo[] | string[][];
3 3 |   let invalid3: Promise<Array<string>>;
4 4 |   let invalid4: Array<Foo<Bar>>;


```

```
warning[preferShorthandArrayType]: Use shorthand T[] syntax instead of Array<T> syntax.
  ┌─ preferShorthandArrayType.ts:3:26
  │
3 │ let invalid2: Array<foo, Array<string>>;
  │                          -------------

Suggested fix: Use a [] to replace
    | @@ -1,5 +1,5 @@
0 0 |   let valid: Array<foo>;
1 1 |   let invalid1: bar[];
2   | - let invalid2: Array<foo, Array<string>>;
  2 | + let invalid2: Array<foo, string[]>;
3 3 |   let invalid3: Promise<Array<string>>;
4 4 |   let invalid4: Array<Foo<Bar>>;


```

```
warning[preferShorthandArrayType]: Use shorthand T[] syntax instead of Array<T> syntax.
  ┌─ preferShorthandArrayType.ts:4:23
  │
4 │ let invalid3: Promise<Array<string>>;
  │                       -------------

Suggested fix: Use a [] to replace
    | @@ -1,5 +1,5 @@
0 0 |   let valid: Array<foo>;
1 1 |   let invalid1: bar[];
2 2 |   let invalid2: Array<foo, Array<string>>;
3   | - let invalid3: Promise<Array<string>>;
  3 | + let invalid3: Promise<string[]>;
4 4 |   let invalid4: Array<Foo<Bar>>;


```

```
warning[preferShorthandArrayType]: Use shorthand T[] syntax instead of Array<T> syntax.
  ┌─ preferShorthandArrayType.ts:5:15
  │
5 │ let invalid4: Array<Foo<Bar>>;
  │               ---------------

Suggested fix: Use a [] to replace
    | @@ -2,4 +2,4 @@
1 1 |   let invalid1: bar[];
2 2 |   let invalid2: Array<foo, Array<string>>;
3 3 |   let invalid3: Promise<Array<string>>;
4   | - let invalid4: Array<Foo<Bar>>;
  4 | + let invalid4: Bar[][];


```


