---
source: crates/rome_cli/tests/commands/rage.rs
expression: content
---
## `rome.json`

```json
{
  "formatter": {
    "enabled":
  }
}
```

# Emitted Messages

```block
CLI:
  Version:              0.0.0
  Color support:        **PLACEHOLDER**

Platform:
  CPU Architecture:     **PLACEHOLDER**
  OS:                   **PLACEHOLDER**

Environment:
  ROME_LOG_DIR:         **PLACEHOLDER**
  NO_COLOR:             **PLACEHOLDER**
  TERM:                 **PLACEHOLDER**
  JS_RUNTIME_VERSION:   unset
  JS_RUNTIME_NAME:      unset
  NODE_PACKAGE_MANAGER: unset

Rome Configuration:
  Error:                expected an array, an object, or a literal but instead found '}'
  Status:               Loaded with errors
  Formatter disabled:   false
  Linter disabled:      false

Server:
  Version:              0.0.0
  Name:                 rome_lsp
  CPU Architecture:     **PLACEHOLDER**
  OS:                   **PLACEHOLDER**

Workspace:
  Open Documents:       0
```


