---
source: crates/rome_js_analyze/tests/spec_tests.rs
expression: TerminatorsPlurals.js
---
# Input
```js
function TerminatorsPlural1() {
    return;
    Statement1();
    Statement2();
    Statement3();
    Statement4();
}

function TerminatorsPlural2() {
    if (a) {
        return;
    } else {
        return;
    }

    Statement1();
    Statement2();
    Statement3();
    Statement4();
}

function TerminatorsPlural3() {
    if (a) {
        return;
    } else if (b) {
        return;
    } else {
        return;
    }

    Statement1();
    Statement2();
    Statement3();
    Statement4();
}

function TerminatorsPlural4() {
    if (a) {
        return;
    } else if (b) {
        return;
    } else if (c) {
        return;
    } else {
        return;
    }

    Statement1();
    Statement2();
    Statement3();
    Statement4();
}

```

# Diagnostics
```
TerminatorsPlurals.js:3:5 lint/nursery/noUnreachable ━━━━━━━━━━━━━━━━━━━━━━━━━━━━━━━━━━━━━━━━━━━━━━━

  ! This code is unreachable
  
  ! ... before it can reach this code
  
    ┌─ TerminatorsPlurals.js:3:5
    │  
  3 │ ┌     Statement1();
  4 │ │     Statement2();
  5 │ │     Statement3();
  6 │ │     Statement4();
    │ └─────────────────^
  
  i This statement will return from the function ...
  
    ┌─ TerminatorsPlurals.js:2:5
    │
  2 │     return;
    │     ^^^^^^^
  

```

```
TerminatorsPlurals.js:16:5 lint/nursery/noUnreachable ━━━━━━━━━━━━━━━━━━━━━━━━━━━━━━━━━━━━━━━━━━━━━━

  ! This code is unreachable
  
  ! ... before it can reach this code
  
     ┌─ TerminatorsPlurals.js:16:5
     │  
  16 │ ┌     Statement1();
  17 │ │     Statement2();
  18 │ │     Statement3();
  19 │ │     Statement4();
     │ └─────────────────^
  
  i Either this statement ...
  
     ┌─ TerminatorsPlurals.js:11:9
     │
  11 │         return;
     │         ^^^^^^^
  
  i ... or this statement will return from the function ...
  
     ┌─ TerminatorsPlurals.js:13:9
     │
  13 │         return;
     │         ^^^^^^^
  

```

```
TerminatorsPlurals.js:31:5 lint/nursery/noUnreachable ━━━━━━━━━━━━━━━━━━━━━━━━━━━━━━━━━━━━━━━━━━━━━━

  ! This code is unreachable
  
  ! ... before it can reach this code
  
     ┌─ TerminatorsPlurals.js:31:5
     │  
  31 │ ┌     Statement1();
  32 │ │     Statement2();
  33 │ │     Statement3();
  34 │ │     Statement4();
     │ └─────────────────^
  
  i Either this statement, ...
  
     ┌─ TerminatorsPlurals.js:24:9
     │
  24 │         return;
     │         ^^^^^^^
  
  i ... this statement, ...
  
     ┌─ TerminatorsPlurals.js:26:9
     │
  26 │         return;
     │         ^^^^^^^
  
  i ... or this statement will return from the function ...
  
     ┌─ TerminatorsPlurals.js:28:9
     │
  28 │         return;
     │         ^^^^^^^
  

```

```
TerminatorsPlurals.js:48:5 lint/nursery/noUnreachable ━━━━━━━━━━━━━━━━━━━━━━━━━━━━━━━━━━━━━━━━━━━━━━

  ! This code is unreachable
  
  ! ... before it can reach this code
  
     ┌─ TerminatorsPlurals.js:48:5
     │  
  48 │ ┌     Statement1();
  49 │ │     Statement2();
  50 │ │     Statement3();
  51 │ │     Statement4();
     │ └─────────────────^
  
  i Either this statement, ...
  
     ┌─ TerminatorsPlurals.js:39:9
     │
  39 │         return;
     │         ^^^^^^^
  
  i ... this statement, ...
  
     ┌─ TerminatorsPlurals.js:41:9
     │
  41 │         return;
     │         ^^^^^^^
  
  i ... this statement, ...
  
     ┌─ TerminatorsPlurals.js:43:9
     │
  43 │         return;
     │         ^^^^^^^
  
  i ... or this statement will return from the function ...
  
     ┌─ TerminatorsPlurals.js:45:9
     │
  45 │         return;
     │         ^^^^^^^
  

```


