---
source: crates/rome_js_analyze/tests/spec_tests.rs
expression: valid.jsx
---
# Input
```js
<>
    <a>content</a>
    <a><TextWrapper /></a>
		<a><TextWrapper aria-hidden /></a>
		<a><TextWrapper aria-hidden={true} /></a>
    <a><TextWrapper aria-hidden={false} /></a>
    <a dangerouslySetInnerHTML={{ __html: "foo" }} />
    <a><div aria-hidden="true"></div>content</a>
    <a><span aria-hidden="false">content</span></a>
    <a>{content}</a>
    <a children={children} />
</>

```


