---
source: crates/rome_formatter_test/src/snapshot_builder.rs
info: "typescript\\satisfies-operators\\comments-unstable.ts"
---

# Input

```ts
const t1 = {
    prop1: 1,
    prop2: 2,
    prop3: 3
} satisfies
// Comment
Record<string, number>;

```


# Prettier differences

```diff
--- Prettier
+++ Rome
@@ -2,5 +2,6 @@
   prop1: 1,
   prop2: 2,
   prop3: 3,
-} satisfies // Comment
-Record<string, number>;
+} satisfies
+  // Comment
+  Record<string, number>;
```

# Output

```ts
const t1 = {
  prop1: 1,
  prop2: 2,
  prop3: 3,
} satisfies
  // Comment
  Record<string, number>;
```


