---
source: crates/rome_json_parser/tests/spec_test.rs
expression: snapshot
---

## Input

```json
[-]
```


## AST

```
JsonRoot {
    value: JsonArrayValue {
        l_brack_token: L_BRACK@0..1 "[" [] [],
        elements: JsonArrayElementList [
            JsonBogusValue {
                items: [
                    ERROR_TOKEN@1..2 "-" [] [],
                ],
            },
        ],
        r_brack_token: R_BRACK@2..3 "]" [] [],
    },
    eof_token: EOF@3..3 "" [] [],
}
```

## CST 

```
0: JSON_ROOT@0..3
  0: JSON_ARRAY_VALUE@0..3
    0: L_BRACK@0..1 "[" [] []
    1: JSON_ARRAY_ELEMENT_LIST@1..2
      0: JSON_BOGUS_VALUE@1..2
        0: ERROR_TOKEN@1..2 "-" [] []
    2: R_BRACK@2..3 "]" [] []
  1: EOF@3..3 "" [] []

```

## Diagnostics

```
array_just_minus.json:1:2 parse ━━━━━━━━━━━━━━━━━━━━━━━━━━━━━━━━━━━━━━━━━━━━━━━━━━━━━━━━━━━━━━━━━━━━

  × Minus must be followed by a digit
  
  > 1 │ [-]
      │  ^
  
```


