---
source: crates/rome_formatter_test/src/snapshot_builder.rs
info: js/module/no-semi/private-field.js
---

# Input

```js
class C {
  #field = 'value';
  ["method"]() {}
}

```


=============================

# Outputs

## Output 1

-----
Indent style: Tab
Line width: 80
Quote style: Double Quotes
JSX quote style: Double Quotes
Quote properties: As needed
Trailing comma: All
Semicolons: Always
Arrow parentheses: Always
-----

```js
class C {
	#field = "value";
	["method"]() {}
}
```

## Output 2

-----
Indent style: Tab
Line width: 80
Quote style: Double Quotes
JSX quote style: Double Quotes
Quote properties: As needed
Trailing comma: All
Semicolons: As needed
Arrow parentheses: Always
-----

```js
class C {
	#field = "value";
	["method"]() {}
}
```


