---
source: crates/rome_js_analyze/tests/spec_tests.rs
assertion_line: 89
expression: noMultipleSpacesInRegularExpressionLiterals.js
---
# Input
```js
// valid
/foo {2}bar/;
/foo bar baz/;
/foo bar\tbaz/;
/foo /;
// invalid
/   /;
/  foo/;
/foo   /;
/foo  bar/;
/foo   bar    baz/;
/foo [ba]r  b(a|z)/;

```

# Diagnostics
```
error[regex/noMultipleSpacesInRegularExpressionLiterals]: This regular expression contains unclear uses of multiple spaces.
  ┌─ noMultipleSpacesInRegularExpressionLiterals.js:7:2
  │
7 │ /   /;
  │  ^^^

Suggested fix: It's hard to visually count the amount of spaces, it's clearer if you use a quantifier instead. eg / {3}/
    | @@ -4,7 +4,7 @@
3 3 |   /foo bar\tbaz/;
4 4 |   /foo /;
5 5 |   // invalid
6   | - /   /;
  6 | + / {3}/;
7 7 |   /  foo/;
8 8 |   /foo   /;
9 9 |   /foo  bar/;


```

```
error[regex/noMultipleSpacesInRegularExpressionLiterals]: This regular expression contains unclear uses of multiple spaces.
  ┌─ noMultipleSpacesInRegularExpressionLiterals.js:8:2
  │
8 │ /  foo/;
  │  ^^

Suggested fix: It's hard to visually count the amount of spaces, it's clearer if you use a quantifier instead. eg / {2}/
    | @@ -5,7 +5,7 @@
4 4 |   /foo /;
5 5 |   // invalid
6 6 |   /   /;
7   | - /  foo/;
  7 | + / {2}foo/;
8 8 |   /foo   /;
9 9 |   /foo  bar/;
10 10 |   /foo   bar    baz/;


```

```
error[regex/noMultipleSpacesInRegularExpressionLiterals]: This regular expression contains unclear uses of multiple spaces.
  ┌─ noMultipleSpacesInRegularExpressionLiterals.js:9:5
  │
9 │ /foo   /;
  │     ^^^

Suggested fix: It's hard to visually count the amount of spaces, it's clearer if you use a quantifier instead. eg / {3}/
    | @@ -6,7 +6,7 @@
5 5 |   // invalid
6 6 |   /   /;
7 7 |   /  foo/;
8   | - /foo   /;
  8 | + /foo {3}/;
9 9 |   /foo  bar/;
10 10 |   /foo   bar    baz/;
11 11 |   /foo [ba]r  b(a|z)/;


```

```
error[regex/noMultipleSpacesInRegularExpressionLiterals]: This regular expression contains unclear uses of multiple spaces.
   ┌─ noMultipleSpacesInRegularExpressionLiterals.js:10:5
   │
10 │ /foo  bar/;
   │     ^^

Suggested fix: It's hard to visually count the amount of spaces, it's clearer if you use a quantifier instead. eg / {2}/
      | @@ -7,6 +7,6 @@
 6  6 |   /   /;
 7  7 |   /  foo/;
 8  8 |   /foo   /;
 9    | - /foo  bar/;
    9 | + /foo {2}bar/;
10 10 |   /foo   bar    baz/;
11 11 |   /foo [ba]r  b(a|z)/;


```

```
error[regex/noMultipleSpacesInRegularExpressionLiterals]: This regular expression contains unclear uses of multiple spaces.
   ┌─ noMultipleSpacesInRegularExpressionLiterals.js:11:5
   │
11 │ /foo   bar    baz/;
   │     ^^^^^^^^^^

Suggested fix: It's hard to visually count the amount of spaces, it's clearer if you use a quantifier instead. eg / {7}/
      | @@ -8,5 +8,5 @@
 7  7 |   /  foo/;
 8  8 |   /foo   /;
 9  9 |   /foo  bar/;
10    | - /foo   bar    baz/;
   10 | + /foo {3}bar {4}baz/;
11 11 |   /foo [ba]r  b(a|z)/;


```

```
error[regex/noMultipleSpacesInRegularExpressionLiterals]: This regular expression contains unclear uses of multiple spaces.
   ┌─ noMultipleSpacesInRegularExpressionLiterals.js:12:11
   │
12 │ /foo [ba]r  b(a|z)/;
   │           ^^

Suggested fix: It's hard to visually count the amount of spaces, it's clearer if you use a quantifier instead. eg / {2}/
      | @@ -9,4 +9,4 @@
 8  8 |   /foo   /;
 9  9 |   /foo  bar/;
10 10 |   /foo   bar    baz/;
11    | - /foo [ba]r  b(a|z)/;
   11 | + /foo [ba]r {2}b(a|z)/;


```


