---
source: crates/rome_js_formatter/tests/prettier_tests.rs
expression: long-line.js
---
# Input
```js
import someCoolUtilWithARatherLongName from '../../../../utils/someCoolUtilWithARatherLongName';

```

# Output
```js
import someCoolUtilWithARatherLongName from "../../../../utils/someCoolUtilWithARatherLongName";

```

# Lines exceeding max width of 80 characters
```
    1: import someCoolUtilWithARatherLongName from "../../../../utils/someCoolUtilWithARatherLongName";
```

