---
source: crates/rome_formatter/tests/prettier_tests.rs
assertion_line: 57
expression: range.js

---
# Input
```js
let moduleBlock = module {  <<<PRETTIER_RANGE_START>>>export let y = 1;
};

fo<<<PRETTIER_RANGE_END>>>o(module { export let foo = "foo"; })

```

# Output
```js
let moduleBlock = module;
{
  <<<PRETTIER_RANGE_START>>>
  export let y = 1;
}

fo<<<PRETTIER_RANGE_END>>>o(module { export let foo = "foo";
})

```


