---
source: crates/rome_js_formatter/tests/prettier_tests.rs
expression: redux_connect.js
---
# Input
```js
const ArtistInput = connect(mapStateToProps, mapDispatchToProps, mergeProps)(Component);

```

# Output
```js
const ArtistInput = connect(
  mapStateToProps,
  mapDispatchToProps,
  mergeProps,
)(Component);

```


