---
source: crates/rome_js_formatter/tests/prettier_tests.rs
---

# Input

```js
class C {
    readonly readonly x: number;
    constructor(readonly readonly y: number) {}
}```


# Prettier differences

```diff
--- Prettier
+++ Rome
@@ -1,4 +1,4 @@
 class C {
-  readonly x: number;
-  constructor(readonly y: number) {}
+  readonly readonly x: number;
+  constructor(readonly readonly y: number) {}
 }
```

# Output

```js
class C {
  readonly readonly x: number;
  constructor(readonly readonly y: number) {}
}
```


# Errors
```
error[SyntaxError]: 'readonly' already seen
  ┌─ readonlyReadonly.ts:2:14
  │
2 │     readonly readonly x: number;
  │     -------- ^^^^^^^^ duplicate modifier
  │     │         
  │     first seen here

error[SyntaxError]: 'readonly' already seen
  ┌─ readonlyReadonly.ts:3:26
  │
3 │     constructor(readonly readonly y: number) {}
  │                 -------- ^^^^^^^^ duplicate modifier
  │                 │         
  │                 first seen here


```


