---
source: crates/rome_js_formatter/tests/spec_test.rs
assertion_line: 256
expression: index.js

---
# Input
import { a } from "b";
import "bootstrap";
=============================
# Outputs
## Output 1
-----
Indent style: Tab
Line width: 80
Quote style: Double Quotes
Unstable sort imports: false
-----
import { a } from "b";
import "bootstrap";
## Output 2
-----
Indent style: Tab
Line width: 80
Quote style: Double Quotes
Unstable sort imports: true
-----
import "bootstrap";
import { a } from "b";

