---
source: crates/rome_js_formatter/tests/prettier_tests.rs
---

# Input

```js
new class {};
new Ctor(class {});
```


# Prettier differences

```diff
--- Prettier
+++ Rome
@@ -1,2 +1,2 @@
-new (class {})();
+new class {}();
 new Ctor(class {});
```

# Output

```js
new class {}();
new Ctor(class {});
```



