---
source: crates/rome_js_formatter/tests/prettier_tests.rs
---

# Input

```js
const foo1 = /** @type {string} */
  (value);

const foo2 =
  /** @type {string} */
  (value);

const foo3 =

  /** @type {string} */
  (value);


const foo4 =
  /** @type {string} */(value);

const foo5 =
  /** @type {string} */ (
    value
  );
```


# Prettier differences

```diff
--- Prettier
+++ Rome
@@ -1,13 +1,15 @@
-const foo1 = /** @type {string} */ (value);
+const foo1 = /** @type {string} */ value;
 
 const foo2 =
   /** @type {string} */
-  (value);
+  value;
 
 const foo3 =
   /** @type {string} */
-  (value);
+  value;
 
-const foo4 = /** @type {string} */ (value);
+const foo4 =
+  /** @type {string} */ value;
 
-const foo5 = /** @type {string} */ (value);
+const foo5 =
+  /** @type {string} */ value;
```

# Output

```js
const foo1 = /** @type {string} */ value;

const foo2 =
  /** @type {string} */
  value;

const foo3 =
  /** @type {string} */
  value;

const foo4 =
  /** @type {string} */ value;

const foo5 =
  /** @type {string} */ value;
```



