---
source: crates/rome_js_formatter/tests/prettier_tests.rs
---

# Input

```js
const objectWithComment = /** @type MyType */ (
  /* comment */
  {
    foo: bar
  }
);

const objectWithComment2 = /** @type MyType */ (  /* comment */  {
    foo: bar
  }
);
```


# Prettier differences

```diff
--- Prettier
+++ Rome
@@ -6,7 +6,8 @@
 );
 
 const objectWithComment2 = /** @type MyType */ (
-  /* comment */ {
+  /* comment */
+  {
     foo: bar,
   }
 );
```

# Output

```js
const objectWithComment = /** @type MyType */ (
  /* comment */
  {
    foo: bar,
  }
);

const objectWithComment2 = /** @type MyType */ (
  /* comment */
  {
    foo: bar,
  }
);
```



