---
source: crates/rome_js_formatter/tests/spec_test.rs
assertion_line: 157
expression: class.js

---
# Input
class Foo extends Boar {
	static { // some comment
		this.a = "test";
	}
	constructor(aaaaaaaaaaaaaaaaaaaaaaaaaaaaaaaaaaaaaaaaaaaaaaaaaaaaaa, bbbbbbbbbbbbbbbbbbbbbbbbbbbbbbbbbbbbbbbb, c = d) {
		super();
	}

	static get sg() {

	}

	get g() {

	}

	set gg(a) {

	}

	method() {
		return "ipsum";
	}

	async asyncMethod() {}

	* generatorMethod (){}

	static staticMethod() {
		return "bar"
	}

	async * asyncGeneratorMethod (){}

	static async staticAsyncMethod (){}

	static * staticGeneratorMethod (){}

	static async *staticAsyncGeneratorMethod() {}

	static foo;

	new_prop = 5

	#a = b

	double_semicolon = [5,3,4];;
}

x = class {
}

x = class foo extends Boar {
}

x = class aaaaaaaaaaaaaaaaaaaaaaaaaaaaaaaaaaaaaaaaaaaaaaaaaaaaaa extends bbbbbbbbbbbbbbbbbbbbbbbbbbbbbbbbbbbbbbbb {
}

=============================
# Outputs
## Output 1
-----
Indent style: Tab
Line width: 80
-----
class Foo extends Boar {
	static {
		// some comment
		this.a = "test";
	}
	constructor(
		aaaaaaaaaaaaaaaaaaaaaaaaaaaaaaaaaaaaaaaaaaaaaaaaaaaaaa,
		bbbbbbbbbbbbbbbbbbbbbbbbbbbbbbbbbbbbbbbb,
		c = d,
	) {
		super();
	}

	static get sg() {}

	get g() {}

	set gg(a) {}

	method() {
		return "ipsum";
	}

	async asyncMethod() {}

	*generatorMethod() {}

	static staticMethod() {
		return "bar";
	}

	async *asyncGeneratorMethod() {}

	static async staticAsyncMethod() {}

	static *staticGeneratorMethod() {}

	static async *staticAsyncGeneratorMethod() {}

	static foo;

	new_prop = 5;

	#a = b;

	double_semicolon = [5, 3, 4];
}

x = class {};

x = class foo extends Boar {};

x =
	class aaaaaaaaaaaaaaaaaaaaaaaaaaaaaaaaaaaaaaaaaaaaaaaaaaaaaa extends bbbbbbbbbbbbbbbbbbbbbbbbbbbbbbbbbbbbbbbb {};

