---
source: crates/rome_formatter_test/src/snapshot_builder.rs
info: typescript/function-type/consistent.ts
---

# Input

```ts
// TSFunctionType
type A = (
  tpl: TemplateStringsArray,
  ...args: Array<unknown>
) => (replacements?: PublicReplacements) => T;

// TSConstructorType
type B = new (
  tpl: TemplateStringsArray,
  ...args: Array<unknown>
) => (replacements?: PublicReplacements) => T;

type X = {
  // TSCallSignatureDeclaration
  (
    tpl: TemplateStringsArray,
    ...args: Array<unknown>
  ): (replacements?: PublicReplacements) => T;

  // TSConstructSignatureDeclaration
  new (
    tpl: TemplateStringsArray,
    ...args: Array<unknown>
  ): (replacements?: PublicReplacements) => T;
};

```


# Prettier differences

```diff
--- Prettier
+++ Rome
@@ -12,14 +12,12 @@
 
 type X = {
   // TSCallSignatureDeclaration
-  (
-    tpl: TemplateStringsArray,
-    ...args: Array<unknown>
-  ): (replacements?: PublicReplacements) => T;
+  (tpl: TemplateStringsArray, ...args: Array<unknown>): (
+    replacements?: PublicReplacements,
+  ) => T;
 
   // TSConstructSignatureDeclaration
-  new (
-    tpl: TemplateStringsArray,
-    ...args: Array<unknown>
-  ): (replacements?: PublicReplacements) => T;
+  new (tpl: TemplateStringsArray, ...args: Array<unknown>): (
+    replacements?: PublicReplacements,
+  ) => T;
 };
```

# Output

```ts
// TSFunctionType
type A = (
  tpl: TemplateStringsArray,
  ...args: Array<unknown>
) => (replacements?: PublicReplacements) => T;

// TSConstructorType
type B = new (
  tpl: TemplateStringsArray,
  ...args: Array<unknown>
) => (replacements?: PublicReplacements) => T;

type X = {
  // TSCallSignatureDeclaration
  (tpl: TemplateStringsArray, ...args: Array<unknown>): (
    replacements?: PublicReplacements,
  ) => T;

  // TSConstructSignatureDeclaration
  new (tpl: TemplateStringsArray, ...args: Array<unknown>): (
    replacements?: PublicReplacements,
  ) => T;
};
```


