---
source: crates/rome_js_formatter/tests/prettier_tests.rs
---

# Input

```js
type X = (options:{ a: string; b: AbstractCompositeThingamabobberFactoryProvider}) => {};
type Y = new (options:{ a: string; b: AbstractCompositeThingamabobberFactoryProvider}) => {};```


# Prettier differences

```diff
--- Prettier
+++ Rome
@@ -1,8 +1,6 @@
-type X = (options: {
-  a: string;
-  b: AbstractCompositeThingamabobberFactoryProvider;
-}) => {};
-type Y = new (options: {
-  a: string;
-  b: AbstractCompositeThingamabobberFactoryProvider;
-}) => {};
+type X = (
+  options: { a: string; b: AbstractCompositeThingamabobberFactoryProvider },
+) => {};
+type Y = new (
+  options: { a: string; b: AbstractCompositeThingamabobberFactoryProvider },
+) => {};
```

# Output

```js
type X = (
  options: { a: string; b: AbstractCompositeThingamabobberFactoryProvider },
) => {};
type Y = new (
  options: { a: string; b: AbstractCompositeThingamabobberFactoryProvider },
) => {};
```



