---
source: crates/rome_js_formatter/tests/prettier_tests.rs
assertion_line: 57
expression: issue-11797.js

---
# Input
```js
const paragraph1 = css`
  font-size: 12px;
  transform: ${vert ? 'translateY' : 'translateX'}(${translation + handleOffset}px);
`;

const paragraph2 = css`
  transform: ${expr}(30px);
`;

const paragraph3 = css`
  transform: ${expr} (30px);
`;

```

# Output
```js
const paragraph1 = css`
  font-size: 12px;
  transform: ${vert ? "translateY" : "translateX"}(${translation + handleOffset}px);
`;

const paragraph2 = css`
  transform: ${expr}(30px);
`;

const paragraph3 = css`
  transform: ${expr} (30px);
`;

```


