---
source: crates/rome_js_formatter/tests/prettier_tests.rs
expression: issue-11797.js
---
# Input
```js
const paragraph1 = css`
  font-size: 12px;
  transform: ${vert ? 'translateY' : 'translateX'}(${translation + handleOffset}px);
`;

const paragraph2 = css`
  transform: ${expr}(30px);
`;

const paragraph3 = css`
  transform: ${expr} (30px);
`;

```

# Output
```js
const paragraph1 = css`
  font-size: 12px;
  transform: ${vert ? "translateY" : "translateX"}(${translation + handleOffset}px);
`;

const paragraph2 = css`
  transform: ${expr}(30px);
`;

const paragraph3 = css`
  transform: ${expr} (30px);
`;

```

# Lines exceeding max width of 80 characters
```
    3:   transform: ${vert ? "translateY" : "translateX"}(${translation + handleOffset}px);
```

