---
source: crates/rome_formatter_test/src/snapshot_builder.rs
info: "js\\multiparser-css\\url.js"
---

# Input

```js
styled.div`color:red;background: url(http://example.com?q=${foo})`

```


# Prettier differences

```diff
--- Prettier
+++ Rome
@@ -1,4 +1 @@
-styled.div`
-  color: red;
-  background: url(http://example.com?q=${foo});
-`;
+styled.div`color:red;background: url(http://example.com?q=${foo})`;
```

# Output

```js
styled.div`color:red;background: url(http://example.com?q=${foo})`;
```


