---
source: crates/rome_js_analyze/tests/spec_tests.rs
expression: withCommentsInvalid.jsx
---
# Input
```js
<>
    </* test */>empty</>
    <>empty</* comment */ />
    <>empty</ /* comment */>
</>

```

# Diagnostics
```
withCommentsInvalid.jsx:2:5 lint/nursery/noUselessFragments  FIXABLE  ━━━━━━━━━━━━━━━━━━━━━━━━━━━━━━

  ! Avoid using unnecessary Fragment.
  
    ┌─ withCommentsInvalid.jsx:2:5
    │
  2 │     </* test */>empty</>
    │     ^^^^^^^^^^^^^^^^^^^^
  
  i Suggested fix: Remove the Fragment
  
      | @@ -1,5 +1,5 @@
  0 0 |   <>
  1   | -     </* test */>empty</>
    1 | +     empty
  2 2 |       <>empty</* comment */ />
  3 3 |       <>empty</ /* comment */>
  4 4 |   </>
  

```

```
withCommentsInvalid.jsx:3:5 lint/nursery/noUselessFragments  FIXABLE  ━━━━━━━━━━━━━━━━━━━━━━━━━━━━━━

  ! Avoid using unnecessary Fragment.
  
    ┌─ withCommentsInvalid.jsx:3:5
    │
  3 │     <>empty</* comment */ />
    │     ^^^^^^^^^^^^^^^^^^^^^^^^
  
  i Suggested fix: Remove the Fragment
  
      | @@ -1,5 +1,5 @@
  0 0 |   <>
  1 1 |       </* test */>empty</>
  2   | -     <>empty</* comment */ />
    2 | +     empty
  3 3 |       <>empty</ /* comment */>
  4 4 |   </>
  

```

```
withCommentsInvalid.jsx:4:5 lint/nursery/noUselessFragments  FIXABLE  ━━━━━━━━━━━━━━━━━━━━━━━━━━━━━━

  ! Avoid using unnecessary Fragment.
  
    ┌─ withCommentsInvalid.jsx:4:5
    │
  4 │     <>empty</ /* comment */>
    │     ^^^^^^^^^^^^^^^^^^^^^^^^
  
  i Suggested fix: Remove the Fragment
  
      | @@ -1,5 +1,5 @@
  0 0 |   <>
  1 1 |       </* test */>empty</>
  2 2 |       <>empty</* comment */ />
  3   | -     <>empty</ /* comment */>
    3 | +     empty
  4 4 |   </>
  

```


