---
source: crates/rome_js_analyze/tests/spec_tests.rs
expression: withChildren.jsx
---
# Input
```js
<>
    <>foo</>
    <React.Fragment>foo</React.Fragment>
    <Fragment>foo</Fragment>
    {/*  valid   */}
    <React.StrictMode><App /></React.StrictMode>
</>

```

# Diagnostics
```
withChildren.jsx:2:5 lint/nursery/noUselessFragments ━━━━━━━━━━━━━━━━━━━━━━━━━━━━━━━━━━━━━━━━━━━━━━━

  ! Avoid using unnecessary Fragment.
  
    ┌─ withChildren.jsx:2:5
    │
  2 │     <>foo</>
    │     ^^^^^^^^
  

```

```
withChildren.jsx:3:5 lint/nursery/noUselessFragments ━━━━━━━━━━━━━━━━━━━━━━━━━━━━━━━━━━━━━━━━━━━━━━━

  ! Avoid using unnecessary Fragment.
  
    ┌─ withChildren.jsx:3:5
    │
  3 │     <React.Fragment>foo</React.Fragment>
    │     ^^^^^^^^^^^^^^^^^^^^^^^^^^^^^^^^^^^^
  

```

```
withChildren.jsx:4:5 lint/nursery/noUselessFragments ━━━━━━━━━━━━━━━━━━━━━━━━━━━━━━━━━━━━━━━━━━━━━━━

  ! Avoid using unnecessary Fragment.
  
    ┌─ withChildren.jsx:4:5
    │
  4 │     <Fragment>foo</Fragment>
    │     ^^^^^^^^^^^^^^^^^^^^^^^^
  

```


