---
source: crates/rome_js_formatter/tests/prettier_tests.rs
---

# Input

```js
﻿class a {
    static b: any;
}

var b = (<any>a);
var b = (<any>a).b;
var b = (<any>a.b).c;
var b = (<any>a.b()).c;
var b = (<any>new a);
var b = (<any>new a.b);
var b = (<any>new a).b
```


# Prettier differences

```diff
--- Prettier
+++ Rome
@@ -1,4 +1,4 @@
-﻿class a {
+class a {
   static b: any;
 }
 
```

# Output

```js
class a {
  static b: any;
}

var b = <any>a;
var b = (<any>a).b;
var b = (<any>a.b).c;
var b = (<any>a.b()).c;
var b = <any>new a();
var b = <any>new a.b();
var b = (<any>new a()).b;
```



