---
source: crates/rome_js_analyze/tests/spec_tests.rs
expression: flipBinExp.js
---
# Input
```js
if (a < b) {
}
if (a > b) {
}
if (a <= b) {
}
if (a >= b) {
}
if (a == b) {
}
if (a === b) {
}
if (a != b) {
}
if (a !== b) {
}

const a = b + c;
const a = b - c;
const a = b * c;
const a = b / c;
const a = b % c;
const a = b ** c;

const a = b << c;
const a = b >> c;
const a = b >>> c;
const a = b & c;
const a = b | c;
const a = b ^ c;

```

# Actions
```diff
@@ -1,4 +1,4 @@
-if (a < b) {
+if (b > a) {
 }
 if (a > b) {
 }

```

```diff
@@ -1,6 +1,6 @@
 if (a < b) {
 }
-if (a > b) {
+if (b < a) {
 }
 if (a <= b) {
 }

```

```diff
@@ -2,7 +2,7 @@
 }
 if (a > b) {
 }
-if (a <= b) {
+if (b >= a) {
 }
 if (a >= b) {
 }

```

```diff
@@ -4,7 +4,7 @@
 }
 if (a <= b) {
 }
-if (a >= b) {
+if (b <= a) {
 }
 if (a == b) {
 }

```

```diff
@@ -6,7 +6,7 @@
 }
 if (a >= b) {
 }
-if (a == b) {
+if (b == a) {
 }
 if (a === b) {
 }

```

```diff
@@ -8,7 +8,7 @@
 }
 if (a == b) {
 }
-if (a === b) {
+if (b === a) {
 }
 if (a != b) {
 }

```

```diff
@@ -10,7 +10,7 @@
 }
 if (a === b) {
 }
-if (a != b) {
+if (b != a) {
 }
 if (a !== b) {
 }

```

```diff
@@ -12,7 +12,7 @@
 }
 if (a != b) {
 }
-if (a !== b) {
+if (b !== a) {
 }
 
 const a = b + c;

```

```diff
@@ -15,7 +15,7 @@
 if (a !== b) {
 }
 
-const a = b + c;
+const a = c + b;
 const a = b - c;
 const a = b * c;
 const a = b / c;

```

```diff
@@ -17,7 +17,7 @@
 
 const a = b + c;
 const a = b - c;
-const a = b * c;
+const a = c * b;
 const a = b / c;
 const a = b % c;
 const a = b ** c;

```

```diff
@@ -25,6 +25,6 @@
 const a = b << c;
 const a = b >> c;
 const a = b >>> c;
-const a = b & c;
+const a = c & b;
 const a = b | c;
 const a = b ^ c;

```

```diff
@@ -26,5 +26,5 @@
 const a = b >> c;
 const a = b >>> c;
 const a = b & c;
-const a = b | c;
+const a = c | b;
 const a = b ^ c;

```

```diff
@@ -27,4 +27,4 @@
 const a = b >>> c;
 const a = b & c;
 const a = b | c;
-const a = b ^ c;
+const a = c ^ b;

```


