---
source: crates/rome_js_formatter/tests/prettier_tests.rs
---

# Input

```js
// https://babeljs.io/docs/en/babel-plugin-proposal-do-expressions

let a = do {
  if(x > 10) {
    'big';
  } else {
    'small';
  }
};
// is equivalent to:
let a = x > 10 ? 'big' : 'small';
```


# Prettier differences

```diff
--- Prettier
+++ Rome
@@ -1,10 +1,11 @@
 // https://babeljs.io/docs/en/babel-plugin-proposal-do-expressions
 
-let a = do {
-  if (x > 10) {
-    ("big");
+let a =
+do {
+  if(x > 10) {
+    'big';
   } else {
-    ("small");
+    'small';
   }
 };
 // is equivalent to:
```

# Output

```js
// https://babeljs.io/docs/en/babel-plugin-proposal-do-expressions

let a =
do {
  if(x > 10) {
    'big';
  } else {
    'small';
  }
};
// is equivalent to:
let a = x > 10 ? "big" : "small";
```


# Errors
```
error[SyntaxError]: expected an expression, or an assignment but instead found 'do'
  ┌─ do-expressions.js:3:9
  │
3 │ let a = do {
  │         ^^ Expected an expression, or an assignment here

error[SyntaxError]: expected `while` but instead found `;`
  ┌─ do-expressions.js:9:2
  │
9 │ };
  │  ^ unexpected


```


