---
source: crates/rome_cli/tests/snap_test.rs
expression: content
---
## `format.js`

```js
  statement(  )  
```

# Emitted Messages

```block
format.js format ━━━━━━━━━━━━━━━━━━━━━━━━━━━━━━━━━━━━━━━━━━━━━━━━━━━━━━━━━━━━━━━━━━━━━━━━━━━━━━━━━━━

  i Formatter would have printed the following content:
  
    1   │ - ··statement(··)··
      1 │ + statement();
      2 │ + 
  

```


