---
source: crates/rome_js_analyze/tests/spec_tests.rs
assertion_line: 96
expression: invalid.jsonc
---
# Input
```js
console.log(event);
```

# Diagnostics
```
invalid.jsonc:1:13 lint/style/noRestrictedGlobals ━━━━━━━━━━━━━━━━━━━━━━━━━━━━━━━━━━━━━━━━━━━━━━━━━━

  ! Do not use the global variable event.
  
  > 1 │ console.log(event);
      │             ^^^^^
  
  i Use a local variable instead.
  

```

# Input
```js
console.log(error);
```

# Diagnostics
```
invalid.jsonc:1:13 lint/style/noRestrictedGlobals ━━━━━━━━━━━━━━━━━━━━━━━━━━━━━━━━━━━━━━━━━━━━━━━━━━

  ! Do not use the global variable error.
  
  > 1 │ console.log(error);
      │             ^^^^^
  
  i Use a local variable instead.
  

```


