---
source: crates/rome_formatter/tests/prettier_tests.rs
assertion_line: 144
expression: same-local-and-exported.js

---
# Input
```js
export {a} from 'a';
export {b as b} from 'b';
export {c as /* comment */c} from 'c';

```

# Output
```js
export { a } from 'a';
export { b as b } from 'b';
export { c as /* comment */ c } from 'c';

```


