---
source: crates/rome_js_formatter/tests/spec_test.rs
assertion_line: 157
expression: number.js

---
# Input
1.23e4
1000e3 // FIXME handle number with scientific notation #1294

=============================
# Outputs
## Output 1
-----
Indent style: Tab
Line width: 80
-----
1.23e4;
1000e3; // FIXME handle number with scientific notation #1294

