---
source: crates/rome_js_analyze/tests/spec_tests.rs
assertion_line: 89
expression: noSparseArray.js
---
# Input
```js
// valid
const a = [ 1, 2, ];

// invalid
const b = [/**test*/,];
const c = [,,];
const d = [,2];

const e = [1,,]
const f = [1,,2]

```

# Diagnostics
```
error[js/noSparseArray]: This array contains an empty slot.
  ┌─ noSparseArray.js:5:11
  │
5 │ const b = [/**test*/,];
  │           ^^^^^^^^^^^^

Suggested fix: Replace hole with undefined
    | @@ -2,7 +2,7 @@
1 1 |   const a = [ 1, 2, ];
2 2 |   
3 3 |   // invalid
4   | - const b = [/**test*/,];
  4 | + const b = [/**test*/undefined,];
5 5 |   const c = [,,];
6 6 |   const d = [,2];
7 7 |   


```

```
error[js/noSparseArray]: This array contains an empty slot.
  ┌─ noSparseArray.js:6:11
  │
6 │ const c = [,,];
  │           ^^^^

Suggested fix: Replace hole with undefined
    | @@ -3,7 +3,7 @@
2 2 |   
3 3 |   // invalid
4 4 |   const b = [/**test*/,];
5   | - const c = [,,];
  5 | + const c = [undefined, undefined,];
6 6 |   const d = [,2];
7 7 |   
8 8 |   const e = [1,,]


```

```
error[js/noSparseArray]: This array contains an empty slot.
  ┌─ noSparseArray.js:7:11
  │
7 │ const d = [,2];
  │           ^^^^

Suggested fix: Replace hole with undefined
    | @@ -4,7 +4,7 @@
3 3 |   // invalid
4 4 |   const b = [/**test*/,];
5 5 |   const c = [,,];
6   | - const d = [,2];
  6 | + const d = [undefined,2];
7 7 |   
8 8 |   const e = [1,,]
9 9 |   const f = [1,,2]


```

```
error[js/noSparseArray]: This array contains an empty slot.
  ┌─ noSparseArray.js:9:11
  │
9 │ const e = [1,,]
  │           ^^^^^

Suggested fix: Replace hole with undefined
    | @@ -6,5 +6,5 @@
5 5 |   const c = [,,];
6 6 |   const d = [,2];
7 7 |   
8   | - const e = [1,,]
  8 | + const e = [1, undefined,]
9 9 |   const f = [1,,2]


```

```
error[js/noSparseArray]: This array contains an empty slot.
   ┌─ noSparseArray.js:10:11
   │
10 │ const f = [1,,2]
   │           ^^^^^^

Suggested fix: Replace hole with undefined
      | @@ -7,4 +7,4 @@
 6  6 |   const d = [,2];
 7  7 |   
 8  8 |   const e = [1,,]
 9    | - const f = [1,,2]
    9 | + const f = [1, undefined,2]


```


