---
source: crates/rome_js_analyze/tests/spec_tests.rs
assertion_line: 89
expression: useSimplifiedLogicExpression.js
---
# Input
```js
// valid 
const boolExpr3 = true;
const boolExpr4 = false;
const r5 = !(boolExpr1 && boolExpr2);
const boolExpr5 = true;
const boolExpr6 = false;
const r6 = !!boolExpr1 || !!boolExpr2;
// invalid
const boolExp = true;
const r = true && boolExp;
const boolExp2 = true;
const r2 = boolExp || true;
const nonNullExp = 123;
const r3 = null ?? nonNullExp;
const boolExpr1 = true;
const boolExpr2 = false;
const r4 = !boolExpr1 || !boolExpr2;

```

# Diagnostics
```
error[js/useSimplifiedLogicExpression]: Logical expression contains unnecessary complexity.
   ┌─ useSimplifiedLogicExpression.js:10:11
   │
10 │ const r = true && boolExp;
   │           ^^^^^^^^^^^^^^^

Suggested fix: Discard redundant terms from the logical expression.
      | @@ -7,7 +7,7 @@
 6  6 |   const r6 = !!boolExpr1 || !!boolExpr2;
 7  7 |   // invalid
 8  8 |   const boolExp = true;
 9    | - const r = true && boolExp;
    9 | + const r = boolExp;
10 10 |   const boolExp2 = true;
11 11 |   const r2 = boolExp || true;
12 12 |   const nonNullExp = 123;


```

```
error[js/useSimplifiedLogicExpression]: Logical expression contains unnecessary complexity.
   ┌─ useSimplifiedLogicExpression.js:12:12
   │
12 │ const r2 = boolExp || true;
   │            ^^^^^^^^^^^^^^^

Suggested fix: Discard redundant terms from the logical expression.
      | @@ -9,7 +9,7 @@
 8  8 |   const boolExp = true;
 9  9 |   const r = true && boolExp;
10 10 |   const boolExp2 = true;
11    | - const r2 = boolExp || true;
   11 | + const r2 = true;
12 12 |   const nonNullExp = 123;
13 13 |   const r3 = null ?? nonNullExp;
14 14 |   const boolExpr1 = true;


```

```
error[js/useSimplifiedLogicExpression]: Logical expression contains unnecessary complexity.
   ┌─ useSimplifiedLogicExpression.js:14:12
   │
14 │ const r3 = null ?? nonNullExp;
   │            ^^^^^^^^^^^^^^^^^^

Suggested fix: Discard redundant terms from the logical expression.
      | @@ -11,7 +11,7 @@
10 10 |   const boolExp2 = true;
11 11 |   const r2 = boolExp || true;
12 12 |   const nonNullExp = 123;
13    | - const r3 = null ?? nonNullExp;
   13 | + const r3 = nonNullExp;
14 14 |   const boolExpr1 = true;
15 15 |   const boolExpr2 = false;
16 16 |   const r4 = !boolExpr1 || !boolExpr2;


```

```
error[js/useSimplifiedLogicExpression]: Logical expression contains unnecessary complexity.
   ┌─ useSimplifiedLogicExpression.js:17:12
   │
17 │ const r4 = !boolExpr1 || !boolExpr2;
   │            ^^^^^^^^^^^^^^^^^^^^^^^^

Suggested fix: Reduce the complexity of the logical expression.
      | @@ -14,4 +14,4 @@
13 13 |   const r3 = null ?? nonNullExp;
14 14 |   const boolExpr1 = true;
15 15 |   const boolExpr2 = false;
16    | - const r4 = !boolExpr1 || !boolExpr2;
   16 | + const r4 = !(boolExpr1 && boolExpr2);


```


