---
source: crates/rome_json_parser/tests/spec_test.rs
expression: snapshot
---

## Input

```json
["\u0060\u012a\u12AB"]
```


## AST

```
JsonRoot {
    value: JsonArrayValue {
        l_brack_token: L_BRACK@0..1 "[" [] [],
        elements: JsonArrayElementList [
            JsonStringValue {
                value_token: JSON_STRING_LITERAL@1..21 "\"\\u0060\\u012a\\u12AB\"" [] [],
            },
        ],
        r_brack_token: R_BRACK@21..22 "]" [] [],
    },
    eof_token: EOF@22..22 "" [] [],
}
```

## CST 

```
0: JSON_ROOT@0..22
  0: JSON_ARRAY_VALUE@0..22
    0: L_BRACK@0..1 "[" [] []
    1: JSON_ARRAY_ELEMENT_LIST@1..21
      0: JSON_STRING_VALUE@1..21
        0: JSON_STRING_LITERAL@1..21 "\"\\u0060\\u012a\\u12AB\"" [] []
    2: R_BRACK@21..22 "]" [] []
  1: EOF@22..22 "" [] []

```


