---
source: crates/rome_js_formatter/tests/prettier_tests.rs
expression: issue-2540.js
---
# Input
```js
manifestCache[templateId] = readFileSync(`${MANIFESTS_PATH}/${templateId}.json`, { encoding: 'utf-8' });

```

# Output
```js
manifestCache[templateId] =
  readFileSync(`${MANIFESTS_PATH}/${templateId}.json`, { encoding: "utf-8" });

```


