---
source: crates/rome_js_analyze/tests/spec_tests.rs
assertion_line: 89
expression: useSelfClosingElements.tsx
---
# Input
```js
// valid
<div />;
<div>child</div>;
<Component />;
<Component>child</Component>;
<Foo.bar />;
<Foo.bar>child</Foo.bar>;

// invalid
<div               ></div>;
<Component></Component>;
<Foo.bar></Foo.bar>;
<div

></div>;

<div ></div> /* comment */;
/* comment */ <div ></div>;
<Generic<true>></Generic>;
```

# Diagnostics
```
error[jsx/useSelfClosingElements]: JSX elements without children should be marked as self-closing. In JSX, it is valid for any element to be self-closing.
   ┌─ useSelfClosingElements.tsx:10:1
   │
10 │ <div               ></div>;
   │ ^^^^^^^^^^^^^^^^^^^^^^^^^^

Suggested fix: Use a SelfClosingElement instead
      | @@ -7,7 +7,7 @@
 6  6 |   <Foo.bar>child</Foo.bar>;
 7  7 |   
 8  8 |   // invalid
 9    | - <div               ></div>;
    9 | + <div               />;
10 10 |   <Component></Component>;
11 11 |   <Foo.bar></Foo.bar>;
12 12 |   <div


```

```
error[jsx/useSelfClosingElements]: JSX elements without children should be marked as self-closing. In JSX, it is valid for any element to be self-closing.
   ┌─ useSelfClosingElements.tsx:11:1
   │
11 │ <Component></Component>;
   │ ^^^^^^^^^^^^^^^^^^^^^^^

Suggested fix: Use a SelfClosingElement instead
      | @@ -8,7 +8,7 @@
 7  7 |   
 8  8 |   // invalid
 9  9 |   <div               ></div>;
10    | - <Component></Component>;
   10 | + <Component />;
11 11 |   <Foo.bar></Foo.bar>;
12 12 |   <div
13 13 |   


```

```
error[jsx/useSelfClosingElements]: JSX elements without children should be marked as self-closing. In JSX, it is valid for any element to be self-closing.
   ┌─ useSelfClosingElements.tsx:12:1
   │
12 │ <Foo.bar></Foo.bar>;
   │ ^^^^^^^^^^^^^^^^^^^

Suggested fix: Use a SelfClosingElement instead
      | @@ -9,7 +9,7 @@
 8  8 |   // invalid
 9  9 |   <div               ></div>;
10 10 |   <Component></Component>;
11    | - <Foo.bar></Foo.bar>;
   11 | + <Foo.bar />;
12 12 |   <div
13 13 |   
14 14 |   ></div>;


```

```
error[jsx/useSelfClosingElements]: JSX elements without children should be marked as self-closing. In JSX, it is valid for any element to be self-closing.
   ┌─ useSelfClosingElements.tsx:13:1
   │  
13 │ ┌ <div
14 │ │ 
15 │ │ ></div>;
   │ └───────^

Suggested fix: Use a SelfClosingElement instead
      | @@ -12,7 +12,7 @@
11 11 |   <Foo.bar></Foo.bar>;
12 12 |   <div
13 13 |   
14    | - ></div>;
   14 | + />;
15 15 |   
16 16 |   <div ></div> /* comment */;
17 17 |   /* comment */ <div ></div>;


```

```
error[jsx/useSelfClosingElements]: JSX elements without children should be marked as self-closing. In JSX, it is valid for any element to be self-closing.
   ┌─ useSelfClosingElements.tsx:17:1
   │
17 │ <div ></div> /* comment */;
   │ ^^^^^^^^^^^^

Suggested fix: Use a SelfClosingElement instead
      | @@ -14,6 +14,6 @@
13 13 |   
14 14 |   ></div>;
15 15 |   
16    | - <div ></div> /* comment */;
   16 | + <div /> /* comment */;
17 17 |   /* comment */ <div ></div>;
18 18 |   <Generic<true>></Generic>;


```

```
error[jsx/useSelfClosingElements]: JSX elements without children should be marked as self-closing. In JSX, it is valid for any element to be self-closing.
   ┌─ useSelfClosingElements.tsx:18:15
   │
18 │ /* comment */ <div ></div>;
   │               ^^^^^^^^^^^^

Suggested fix: Use a SelfClosingElement instead
      | @@ -15,5 +15,5 @@
14 14 |   ></div>;
15 15 |   
16 16 |   <div ></div> /* comment */;
17    | - /* comment */ <div ></div>;
   17 | + /* comment */ <div />;
18 18 |   <Generic<true>></Generic>;


```

```
error[jsx/useSelfClosingElements]: JSX elements without children should be marked as self-closing. In JSX, it is valid for any element to be self-closing.
   ┌─ useSelfClosingElements.tsx:19:1
   │
19 │ <Generic<true>></Generic>;
   │ ^^^^^^^^^^^^^^^^^^^^^^^^^

Suggested fix: Use a SelfClosingElement instead
      | @@ -16,4 +16,4 @@
15 15 |   
16 16 |   <div ></div> /* comment */;
17 17 |   /* comment */ <div ></div>;
18    | - <Generic<true>></Generic>;
   18 | + <Generic<true> />;


```


