---
source: crates/rome_js_analyze/tests/spec_tests.rs
expression: valid.jsonc
---
# Input
```js
for (var i = 0; i < 10; i++) {}
```

# Input
```js
for (var i = 0; i <= 10; i++) {}
```

# Input
```js
for (var i = 10; i > 0; i--) {}
```

# Input
```js
for (var i = 10; i >= 0; i--) {}
```

# Input
```js
for (var i = 10; i > 0; ) {}
```

# Input
```js
for (var i = 10; i >= 0; ) {}
```

# Input
```js
for (var i = 10; i < 0; ) {}
```

# Input
```js
for (var i = 10; i <= 0; ) {}
```

# Input
```js
for (var i = 10; i <= 0; j++) {}
```

# Input
```js
for (var i = 10; i <= 0; j--) {}
```

# Input
```js
for (var i = 10; i >= 0; j++) {}
```

# Input
```js
for (var i = 10; i >= 0; j--) {}
```

# Input
```js
for (var i = 10; i >= 0; j += 2) {}
```

# Input
```js
for (var i = 10; i >= 0; j -= 2) {}
```

# Input
```js
for (var i = 10; i >= 0; i |= 2) {}
```

# Input
```js
for (var i = 10; i >= 0; i %= 2) {}
```

# Input
```js
for (var i = 0; i < MAX; i += STEP_SIZE);
```

# Input
```js
for (var i = 0; i < MAX; i -= STEP_SIZE);
```

# Input
```js
for (var i = 10; i > 0; i += STEP_SIZE);
```

# Input
```js
for (var i = 0; i !== 10; i += 1) {}
```

# Input
```js
for (var i = 0; i === 10; i += 1) {}
```

# Input
```js
for (var i = 0; i == 10; i += 1) {}
```

# Input
```js
for (var i = 0; i != 10; i += 1) {}
```


