---
source: crates/rome_formatter_test/src/snapshot_builder.rs
assertion_line: 212
info: js/decorators/class-expression/member-expression.js
---

# Input

```js
(@deco class Foo {}).name;
(@deco class {}).name;

```


# Prettier differences

```diff
--- Prettier
+++ Rome
@@ -1,8 +1,6 @@
 (
-  @deco
-  class Foo {}
-).name;
+@deco class Foo {}
+).name
 (
-  @deco
-  class {}
-).name;
+@deco class {}
+).name
```

# Output

```js
(
@deco class Foo {}
).name
(
@deco class {}
).name
```

# Errors
```
member-expression.js:1:2 parse ━━━━━━━━━━━━━━━━━━━━━━━━━━━━━━━━━━━━━━━━━━━━━━━━━━━━━━━━━━━━━━━━━━━━━

  × expected `)` but instead found `@`

  > 1 │ (@deco class Foo {}).name;
      │  ^
    2 │ (@deco class {}).name;
    3 │

  i Remove @

member-expression.js:1:20 parse ━━━━━━━━━━━━━━━━━━━━━━━━━━━━━━━━━━━━━━━━━━━━━━━━━━━━━━━━━━━━━━━━━━━━

  × expected a statement but instead found ').name'

  > 1 │ (@deco class Foo {}).name;
      │                    ^^^^^^
    2 │ (@deco class {}).name;
    3 │

  i Expected a statement here

  > 1 │ (@deco class Foo {}).name;
      │                    ^^^^^^
    2 │ (@deco class {}).name;
    3 │

member-expression.js:2:2 parse ━━━━━━━━━━━━━━━━━━━━━━━━━━━━━━━━━━━━━━━━━━━━━━━━━━━━━━━━━━━━━━━━━━━━━

  × expected `)` but instead found `@`

    1 │ (@deco class Foo {}).name;
  > 2 │ (@deco class {}).name;
      │  ^
    3 │

  i Remove @

member-expression.js:2:8 parse ━━━━━━━━━━━━━━━━━━━━━━━━━━━━━━━━━━━━━━━━━━━━━━━━━━━━━━━━━━━━━━━━━━━━━

  × class declarations must have a name

    1 │ (@deco class Foo {}).name;
  > 2 │ (@deco class {}).name;
      │        ^^^^^^
    3 │

member-expression.js:2:16 parse ━━━━━━━━━━━━━━━━━━━━━━━━━━━━━━━━━━━━━━━━━━━━━━━━━━━━━━━━━━━━━━━━━━━━

  × expected a statement but instead found ').name'

    1 │ (@deco class Foo {}).name;
  > 2 │ (@deco class {}).name;
      │                ^^^^^^
    3 │

  i Expected a statement here

    1 │ (@deco class Foo {}).name;
  > 2 │ (@deco class {}).name;
      │                ^^^^^^
    3 │


```


