---
source: crates/rome_js_analyze/tests/spec_tests.rs
expression: invalidTopLevelVariable.ts
---
# Input
```js
export const Unknown_Style = 0

export var Unknown_Style_1 = 0

export let Unknown_Style_2 = 0

export namespace X {
    export const Unknown_Style = 0

    export var Unknown_Style_1 = 0

    export let Unknown_Style_2 = 0
}
```

# Diagnostics
```
invalidTopLevelVariable.ts:1:14 lint/nursery/useNamingConvention ━━━━━━━━━━━━━━━━━━━━━━━━━━━━━━━━━━━

  ! This top-level const name should be in camelCase or PascalCase or CONSTANT_CASE.
  
  > 1 │ export const Unknown_Style = 0
      │              ^^^^^^^^^^^^^
    2 │ 
    3 │ export var Unknown_Style_1 = 0
  
  i The name could be renamed to `unknownStyle`.
  

```

```
invalidTopLevelVariable.ts:3:12 lint/nursery/useNamingConvention ━━━━━━━━━━━━━━━━━━━━━━━━━━━━━━━━━━━

  ! This top-level var name should be in camelCase or PascalCase or CONSTANT_CASE.
  
    1 │ export const Unknown_Style = 0
    2 │ 
  > 3 │ export var Unknown_Style_1 = 0
      │            ^^^^^^^^^^^^^^^
    4 │ 
    5 │ export let Unknown_Style_2 = 0
  
  i The name could be renamed to `unknownStyle1`.
  

```

```
invalidTopLevelVariable.ts:5:12 lint/nursery/useNamingConvention ━━━━━━━━━━━━━━━━━━━━━━━━━━━━━━━━━━━

  ! This top-level let name should be in camelCase.
  
    3 │ export var Unknown_Style_1 = 0
    4 │ 
  > 5 │ export let Unknown_Style_2 = 0
      │            ^^^^^^^^^^^^^^^
    6 │ 
    7 │ export namespace X {
  
  i The name could be renamed to `unknownStyle2`.
  

```

```
invalidTopLevelVariable.ts:8:18 lint/nursery/useNamingConvention ━━━━━━━━━━━━━━━━━━━━━━━━━━━━━━━━━━━

  ! This top-level const name should be in camelCase or PascalCase or CONSTANT_CASE.
  
     7 │ export namespace X {
   > 8 │     export const Unknown_Style = 0
       │                  ^^^^^^^^^^^^^
     9 │ 
    10 │     export var Unknown_Style_1 = 0
  
  i The name could be renamed to `unknownStyle`.
  

```

```
invalidTopLevelVariable.ts:10:16 lint/nursery/useNamingConvention ━━━━━━━━━━━━━━━━━━━━━━━━━━━━━━━━━━

  ! This top-level var name should be in camelCase or PascalCase or CONSTANT_CASE.
  
     8 │     export const Unknown_Style = 0
     9 │ 
  > 10 │     export var Unknown_Style_1 = 0
       │                ^^^^^^^^^^^^^^^
    11 │ 
    12 │     export let Unknown_Style_2 = 0
  
  i The name could be renamed to `unknownStyle1`.
  

```

```
invalidTopLevelVariable.ts:12:16 lint/nursery/useNamingConvention ━━━━━━━━━━━━━━━━━━━━━━━━━━━━━━━━━━

  ! This top-level let name should be in camelCase.
  
    10 │     export var Unknown_Style_1 = 0
    11 │ 
  > 12 │     export let Unknown_Style_2 = 0
       │                ^^^^^^^^^^^^^^^
    13 │ }
  
  i The name could be renamed to `unknownStyle2`.
  

```


