---
source: crates/rome_js_analyze/tests/spec_tests.rs
assertion_line: 100
expression: validExportAlias.js
---
# Input
```js
export { X as X }

export { Y as CONSTANT_Y  }

export { fun as Func  }

export { CONSTANT_Z as z  }

export { jquery as $ }

export { lodash as _ }

export { X as X } from ""

export { Y as CONSTANT_Y  } from ""

export { fun as Func  } from ""

export { CONSTANT_Z as z  } from ""

export { jquery as $ } from ""

export { lodash as _ } from ""
```


