---
source: crates/rome_js_formatter/tests/prettier_tests.rs
expression: issue-9874.ts
---
# Input
```js
export type RequestNextDealAction = BaseAction<DealsActionTypes.REQUEST_NEXT_DEAL>;

```

# Output
```js
export type RequestNextDealAction = BaseAction<
  DealsActionTypes.REQUEST_NEXT_DEAL
>;

```


