---
source: crates/rome_cli/tests/snap_test.rs
assertion_line: 107
expression: content
---
## `rome.json`

```json
{
  "linter": {
    "rules": {
        "recommended": true,
        "js": {
            "rules": {
                "noDebugger": "off"
            }
        }
    }
  }
}
```

## `fix.js`

```js
debugger;
```

## Messages


