---
source: crates/rome_js_formatter/tests/prettier_tests.rs
---

# Input

```js
(veryLongVeryLongVeryLong || e).prop;

(veryLongVeryLongVeryLong || anotherVeryLongVeryLongVeryLong || veryVeryVeryLongError).prop;
```


# Prettier differences

```diff
--- Prettier
+++ Rome
@@ -2,6 +2,6 @@
 
 (
   veryLongVeryLongVeryLong ||
-  anotherVeryLongVeryLongVeryLong ||
-  veryVeryVeryLongError
+    anotherVeryLongVeryLongVeryLong ||
+    veryVeryVeryLongError
 ).prop;
```

# Output

```js
(veryLongVeryLongVeryLong || e).prop;

(
  veryLongVeryLongVeryLong ||
    anotherVeryLongVeryLongVeryLong ||
    veryVeryVeryLongError
).prop;
```



