---
source: crates/rome_formatter_test/src/snapshot_builder.rs
info: typescript/decorators/accessor.ts
---

# Input

```ts
class A {
    @foo()
    get a() {return 1}
    @bar()
    set a(v) {}
}

```


# Prettier differences

```diff
--- Prettier
+++ Rome
@@ -1,8 +1,6 @@
 class A {
-  @foo()
-  get a() {
+  @foo() get a() {
     return 1;
   }
-  @bar()
-  set a(v) {}
+  @bar() set a(v) {}
 }
```

# Output

```ts
class A {
  @foo() get a() {
    return 1;
  }
  @bar() set a(v) {}
}
```


