---
source: crates/rome_js_formatter/tests/prettier_tests.rs
---

# Input

```js
class Foo {
    constructor(
        @inject(Bar)
        private readonly bar: IBar,

        @inject(MyProcessor)
        private readonly myProcessor: IMyProcessor,

        @inject(InjectionTypes.AnotherThing)

        private readonly anotherThing: IAnotherThing | undefined,
    ) { }
}
```


# Prettier differences

```diff
--- Prettier
+++ Rome
@@ -2,10 +2,8 @@
   constructor(
     @inject(Bar)
     private readonly bar: IBar,
-
     @inject(MyProcessor)
     private readonly myProcessor: IMyProcessor,
-
     @inject(InjectionTypes.AnotherThing)
     private readonly anotherThing: IAnotherThing | undefined,
   ) {}
```

# Output

```js
class Foo {
  constructor(
    @inject(Bar)
    private readonly bar: IBar,
    @inject(MyProcessor)
    private readonly myProcessor: IMyProcessor,
    @inject(InjectionTypes.AnotherThing)
    private readonly anotherThing: IAnotherThing | undefined,
  ) {}
}
```



