---
source: crates/rome_formatter_test/src/snapshot_builder.rs
info: "jsx\\jsx\\await.js"
---

# Input

```js
async function testFunction() {
  const short = <>
    {await Promise.all(
      hierarchyCriticism
    )}
    {await hierarchyCriticism.ic.me.oa.p}
    {await hierarchyCriticism}

    {Promise.all(
      hierarchyCriticism
    )}
    {hierarchyCriticism.ic.me.oa.p}
    {hierarchyCriticism}
  </>

  const long = <>
    {await Promise.all(
      hierarchyCriticismIncongruousCooperateMaterialEducationOriginalArticulateParameter
    )}
    {await hierarchyCriticism.IncongruousCooperate.MaterialEducation.OriginalArticulate.Parameter}
    {await hierarchyCriticismIncongruousCooperateMaterialEducationOriginalArticulateParameter}

    {Promise.all(
      hierarchyCriticismIncongruousCooperateMaterialEducationOriginalArticulateParameter
    )}
    {hierarchyCriticism.IncongruousCooperate.MaterialEducation.OriginalArticulate.Parameter}
    {hierarchyCriticismIncongruousCooperateMaterialEducationOriginalArticulateParameter}
  </>

  const jsx = <>
    {await (<IncongruousCooperate>
      material education original articulate parameter
    </IncongruousCooperate>)}
  </>
}

```


# Prettier differences

```diff
--- Prettier
+++ Rome
@@ -13,10 +13,12 @@
 
   const long = (
     <>
-      {await Promise.all(
-        hierarchyCriticismIncongruousCooperateMaterialEducationOriginalArticulateParameter,
-      )}
       {
+        await Promise.all(
+          hierarchyCriticismIncongruousCooperateMaterialEducationOriginalArticulateParameter,
+        )
+      }
+      {
         await hierarchyCriticism.IncongruousCooperate.MaterialEducation
           .OriginalArticulate.Parameter
       }
@@ -39,11 +41,13 @@
 
   const jsx = (
     <>
-      {await (
-        <IncongruousCooperate>
-          material education original articulate parameter
-        </IncongruousCooperate>
-      )}
+      {
+        await (
+          <IncongruousCooperate>
+            material education original articulate parameter
+          </IncongruousCooperate>
+        )
+      }
     </>
   );
 }
```

# Output

```js
async function testFunction() {
  const short = (
    <>
      {await Promise.all(hierarchyCriticism)}
      {await hierarchyCriticism.ic.me.oa.p}
      {await hierarchyCriticism}

      {Promise.all(hierarchyCriticism)}
      {hierarchyCriticism.ic.me.oa.p}
      {hierarchyCriticism}
    </>
  );

  const long = (
    <>
      {
        await Promise.all(
          hierarchyCriticismIncongruousCooperateMaterialEducationOriginalArticulateParameter,
        )
      }
      {
        await hierarchyCriticism.IncongruousCooperate.MaterialEducation
          .OriginalArticulate.Parameter
      }
      {
        await hierarchyCriticismIncongruousCooperateMaterialEducationOriginalArticulateParameter
      }

      {Promise.all(
        hierarchyCriticismIncongruousCooperateMaterialEducationOriginalArticulateParameter,
      )}
      {
        hierarchyCriticism.IncongruousCooperate.MaterialEducation
          .OriginalArticulate.Parameter
      }
      {
        hierarchyCriticismIncongruousCooperateMaterialEducationOriginalArticulateParameter
      }
    </>
  );

  const jsx = (
    <>
      {
        await (
          <IncongruousCooperate>
            material education original articulate parameter
          </IncongruousCooperate>
        )
      }
    </>
  );
}
```

# Lines exceeding max width of 80 characters
```
   18:           hierarchyCriticismIncongruousCooperateMaterialEducationOriginalArticulateParameter,
   26:         await hierarchyCriticismIncongruousCooperateMaterialEducationOriginalArticulateParameter
   30:         hierarchyCriticismIncongruousCooperateMaterialEducationOriginalArticulateParameter,
   37:         hierarchyCriticismIncongruousCooperateMaterialEducationOriginalArticulateParameter
```


