---
source: crates/rome_js_formatter/tests/prettier_tests.rs
---

# Input

```js
switch (a) {
  case 3:
    alert( '3' );
    break;
  case 4:
    alert( '4' );
    break;
  case 5:
    alert( '5' );
    break;
  default:
    alert( 'default' );
}

switch (veryVeryVeryVeryVeryVeryVeryVeryVeryVeryVeryVeryVeryVeryVeryVeryVeryVeryLong) {
  case 3:
    alert( '3' );
    break;
  default:
    alert( 'default' );
}

switch (veryVeryVeryVeryVeryVeryVeryVeryVeryVeryVeryVeryVeryVeryVeryVeryVeryVeryLong > veryVeryVeryVeryVeryVeryVeryVeryVeryVeryVeryVeryVeryVeryVeryVeryVeryVeryLong) {
  case 3:
    alert( '3' );
    break;
  default:
    alert( 'default' );
}

switch ($veryLongAndVeryVerboseVariableName && $anotherVeryLongAndVeryVerboseVariableName) {
}

switch ($longButSlightlyShorterVariableName && $anotherSlightlyShorterVariableName) {
}
```


# Prettier differences

```diff
--- Prettier
+++ Rome
@@ -23,8 +23,7 @@
 }
 
 switch (
-  veryVeryVeryVeryVeryVeryVeryVeryVeryVeryVeryVeryVeryVeryVeryVeryVeryVeryLong >
-  veryVeryVeryVeryVeryVeryVeryVeryVeryVeryVeryVeryVeryVeryVeryVeryVeryVeryLong
+  veryVeryVeryVeryVeryVeryVeryVeryVeryVeryVeryVeryVeryVeryVeryVeryVeryVeryLong > veryVeryVeryVeryVeryVeryVeryVeryVeryVeryVeryVeryVeryVeryVeryVeryVeryVeryLong
 ) {
   case 3:
     alert("3");
@@ -34,13 +33,11 @@
 }
 
 switch (
-  $veryLongAndVeryVerboseVariableName &&
-  $anotherVeryLongAndVeryVerboseVariableName
+  $veryLongAndVeryVerboseVariableName && $anotherVeryLongAndVeryVerboseVariableName
 ) {
 }
 
 switch (
-  $longButSlightlyShorterVariableName &&
-  $anotherSlightlyShorterVariableName
+  $longButSlightlyShorterVariableName && $anotherSlightlyShorterVariableName
 ) {
 }
```

# Output

```js
switch (a) {
  case 3:
    alert("3");
    break;
  case 4:
    alert("4");
    break;
  case 5:
    alert("5");
    break;
  default:
    alert("default");
}

switch (
  veryVeryVeryVeryVeryVeryVeryVeryVeryVeryVeryVeryVeryVeryVeryVeryVeryVeryLong
) {
  case 3:
    alert("3");
    break;
  default:
    alert("default");
}

switch (
  veryVeryVeryVeryVeryVeryVeryVeryVeryVeryVeryVeryVeryVeryVeryVeryVeryVeryLong > veryVeryVeryVeryVeryVeryVeryVeryVeryVeryVeryVeryVeryVeryVeryVeryVeryVeryLong
) {
  case 3:
    alert("3");
    break;
  default:
    alert("default");
}

switch (
  $veryLongAndVeryVerboseVariableName && $anotherVeryLongAndVeryVerboseVariableName
) {
}

switch (
  $longButSlightlyShorterVariableName && $anotherSlightlyShorterVariableName
) {
}
```


# Lines exceeding max width of 80 characters
```
   26:   veryVeryVeryVeryVeryVeryVeryVeryVeryVeryVeryVeryVeryVeryVeryVeryVeryVeryLong > veryVeryVeryVeryVeryVeryVeryVeryVeryVeryVeryVeryVeryVeryVeryVeryVeryVeryLong
   36:   $veryLongAndVeryVerboseVariableName && $anotherVeryLongAndVeryVerboseVariableName
```

