---
source: crates/rome_js_formatter/tests/prettier_tests.rs
assertion_line: 119
expression: classAbstractUsingAbstractMethod1.ts

---
# Input
```js
abstract class A {
    abstract foo() : number;
}

class B extends A {
    foo() { return 1; }
}

abstract class C extends A  {
    abstract foo() : number;
}

var a = new B;
a.foo();

a = new C;
a.foo();
```

# Output
```js
abstract class A {
  abstract foo(): number;
}

class B extends A {
  foo() {
    return 1;
  }
}

abstract class C extends A {
  abstract foo(): number;
}

var a = new B();
a.foo();

a = new C();
a.foo();

```


